{
  "Entries": [
    {
      "RequestUri": "https://management.azure.com/subscriptions/db1ab6f0-4769-4b27-930e-01e2ef9c123c?api-version=2019-11-01",
      "RequestMethod": "GET",
      "RequestHeaders": {
        "Accept": "application/json",
        "Authorization": "Sanitized",
        "traceparent": "00-85cdeb259132374d86b44013a0451f26-ad6f83541e44fb46-00",
        "User-Agent": "azsdk-net-ResourceManager/1.0.0-alpha.20211021.1 (.NET Framework 4.8.4300.0; Microsoft Windows 10.0.19043 )",
        "x-ms-client-request-id": "e9d5829426909181306d3c1c0806be2a",
        "x-ms-return-client-request-id": "true"
      },
      "RequestBody": null,
      "StatusCode": 200,
      "ResponseHeaders": {
        "Cache-Control": "no-cache",
        "Content-Length": "468",
        "Content-Type": "application/json; charset=utf-8",
        "Date": "Thu, 21 Oct 2021 13:07:02 GMT",
        "Expires": "-1",
        "Pragma": "no-cache",
        "Strict-Transport-Security": "max-age=31536000; includeSubDomains",
        "X-Content-Type-Options": "nosniff",
        "x-ms-correlation-request-id": "e2bafad9-9fc0-489c-af43-440855659be6",
        "x-ms-ratelimit-remaining-subscription-reads": "11903",
        "x-ms-request-id": "e2bafad9-9fc0-489c-af43-440855659be6",
        "x-ms-routing-request-id": "SOUTHEASTASIA:20211021T130702Z:e2bafad9-9fc0-489c-af43-440855659be6"
      },
      "ResponseBody": {
        "id": "/subscriptions/db1ab6f0-4769-4b27-930e-01e2ef9c123c",
        "authorizationSource": "RoleBased",
        "managedByTenants": [],
        "tags": {
          "tagKey1": "tagValue1",
          "tagKey2": "tagValue2"
        },
        "subscriptionId": "db1ab6f0-4769-4b27-930e-01e2ef9c123c",
        "tenantId": "72f988bf-86f1-41af-91ab-2d7cd011db47",
        "displayName": ".NET Mgmt SDK Test with TTL = 1 Day",
        "state": "Enabled",
        "subscriptionPolicies": {
          "locationPlacementId": "Internal_2014-09-01",
          "quotaId": "Internal_2014-09-01",
          "spendingLimit": "Off"
        }
      }
    },
    {
      "RequestUri": "https://management.azure.com/subscriptions/db1ab6f0-4769-4b27-930e-01e2ef9c123c/resourcegroups/testRG-3871?api-version=2019-10-01",
      "RequestMethod": "PUT",
      "RequestHeaders": {
        "Accept": "application/json",
        "Authorization": "Sanitized",
        "Content-Length": "44",
        "Content-Type": "application/json",
        "User-Agent": "azsdk-net-ResourceManager/1.0.0-alpha.20211021.1 (.NET Framework 4.8.4300.0; Microsoft Windows 10.0.19043 )",
        "x-ms-client-request-id": "0e6816868b6490f26011f3fb6f59eefd",
        "x-ms-return-client-request-id": "true"
      },
      "RequestBody": {
        "location": "westus2",
        "tags": {
          "test": "env"
        }
      },
      "StatusCode": 201,
      "ResponseHeaders": {
        "Cache-Control": "no-cache",
        "Content-Length": "242",
        "Content-Type": "application/json; charset=utf-8",
        "Date": "Thu, 21 Oct 2021 13:07:02 GMT",
        "Expires": "-1",
        "Pragma": "no-cache",
        "Strict-Transport-Security": "max-age=31536000; includeSubDomains",
        "X-Content-Type-Options": "nosniff",
        "x-ms-correlation-request-id": "3e60eca4-e712-4ebc-83a6-2d1bc53f981f",
        "x-ms-ratelimit-remaining-subscription-writes": "1194",
        "x-ms-request-id": "3e60eca4-e712-4ebc-83a6-2d1bc53f981f",
        "x-ms-routing-request-id": "SOUTHEASTASIA:20211021T130703Z:3e60eca4-e712-4ebc-83a6-2d1bc53f981f"
      },
      "ResponseBody": {
        "id": "/subscriptions/db1ab6f0-4769-4b27-930e-01e2ef9c123c/resourceGroups/testRG-3871",
        "name": "testRG-3871",
        "type": "Microsoft.Resources/resourceGroups",
        "location": "westus2",
        "tags": {
          "test": "env"
        },
        "properties": {
          "provisioningState": "Succeeded"
        }
      }
    },
    {
      "RequestUri": "https://management.azure.com/subscriptions/db1ab6f0-4769-4b27-930e-01e2ef9c123c/resourceGroups/testRG-3871/providers/Microsoft.Compute/galleries/testGallery_6872?api-version=2020-09-30",
      "RequestMethod": "PUT",
      "RequestHeaders": {
        "Accept": "application/json",
        "Authorization": "Sanitized",
        "Content-Length": "48",
        "Content-Type": "application/json",
        "User-Agent": "azsdk-net-ResourceManager.Compute/1.0.0-alpha.20211021.1 (.NET Framework 4.8.4300.0; Microsoft Windows 10.0.19043 )",
        "x-ms-client-request-id": "ef4f9eb0eb892da6110b12d5e3380e38",
        "x-ms-return-client-request-id": "true"
      },
      "RequestBody": {
        "tags": {},
        "location": "westus2",
        "properties": {}
      },
      "StatusCode": 201,
      "ResponseHeaders": {
        "Azure-AsyncOperation": "https://management.azure.com/subscriptions/db1ab6f0-4769-4b27-930e-01e2ef9c123c/providers/Microsoft.Compute/locations/westus2/capsOperations/4ef80c8d-bc91-4574-94f9-676938f61381?api-version=2020-09-30",
        "Cache-Control": "no-cache",
        "Content-Length": "431",
        "Content-Type": "application/json; charset=utf-8",
        "Date": "Thu, 21 Oct 2021 13:07:06 GMT",
        "Expires": "-1",
        "Pragma": "no-cache",
        "Server": [
          "Microsoft-HTTPAPI/2.0",
          "Microsoft-HTTPAPI/2.0"
        ],
        "Strict-Transport-Security": "max-age=31536000; includeSubDomains",
        "X-Content-Type-Options": "nosniff",
        "x-ms-client-request-id": "ef4f9eb0eb892da6110b12d5e3380e38",
        "x-ms-correlation-request-id": "a1b3ebd7-4e33-498a-856f-6faa1a490207",
        "x-ms-ratelimit-remaining-resource": "Microsoft.Compute/CreateUpdateGallery3Min;48,Microsoft.Compute/CreateUpdateGallery30Min;298",
        "x-ms-ratelimit-remaining-subscription-writes": "1193",
        "x-ms-request-id": "4ef80c8d-bc91-4574-94f9-676938f61381",
        "x-ms-routing-request-id": "SOUTHEASTASIA:20211021T130706Z:a1b3ebd7-4e33-498a-856f-6faa1a490207",
        "x-ms-served-by": "a0f20ff2-2f4c-42d4-ac60-4e86829c793a_132697554877368970,a0f20ff2-2f4c-42d4-ac60-4e86829c793a_132697554877368970"
      },
      "ResponseBody": [
        "{\r\n",
        "  \u0022name\u0022: \u0022testGallery_6872\u0022,\r\n",
        "  \u0022id\u0022: \u0022/subscriptions/db1ab6f0-4769-4b27-930e-01e2ef9c123c/resourceGroups/testRG-3871/providers/Microsoft.Compute/galleries/testGallery_6872\u0022,\r\n",
        "  \u0022type\u0022: \u0022Microsoft.Compute/galleries\u0022,\r\n",
        "  \u0022location\u0022: \u0022westus2\u0022,\r\n",
        "  \u0022tags\u0022: {},\r\n",
        "  \u0022properties\u0022: {\r\n",
        "    \u0022identifier\u0022: {\r\n",
        "      \u0022uniqueName\u0022: \u0022db1ab6f0-4769-4b27-930e-01e2ef9c123c-TESTGALLERY_6872\u0022\r\n",
        "    },\r\n",
        "    \u0022provisioningState\u0022: \u0022Creating\u0022\r\n",
        "  }\r\n",
        "}"
      ]
    },
    {
      "RequestUri": "https://management.azure.com/subscriptions/db1ab6f0-4769-4b27-930e-01e2ef9c123c/providers/Microsoft.Compute/locations/westus2/capsOperations/4ef80c8d-bc91-4574-94f9-676938f61381?api-version=2020-09-30",
      "RequestMethod": "GET",
      "RequestHeaders": {
        "Authorization": "Sanitized",
        "User-Agent": "azsdk-net-ResourceManager/1.0.0-alpha.20211021.1 (.NET Framework 4.8.4300.0; Microsoft Windows 10.0.19043 )",
        "x-ms-client-request-id": "67587f3e3a6e2bfcc1e05280e0bb7dd8",
        "x-ms-return-client-request-id": "true"
      },
      "RequestBody": null,
      "StatusCode": 200,
      "ResponseHeaders": {
        "Cache-Control": "no-cache",
        "Content-Length": "184",
        "Content-Type": "application/json; charset=utf-8",
        "Date": "Thu, 21 Oct 2021 13:07:06 GMT",
        "Expires": "-1",
        "Pragma": "no-cache",
        "Server": [
          "Microsoft-HTTPAPI/2.0",
          "Microsoft-HTTPAPI/2.0"
        ],
        "Strict-Transport-Security": "max-age=31536000; includeSubDomains",
        "X-Content-Type-Options": "nosniff",
        "x-ms-client-request-id": "67587f3e3a6e2bfcc1e05280e0bb7dd8",
        "x-ms-correlation-request-id": "f513352a-1df2-4ed1-ad9a-9d5bb223451e",
        "x-ms-ratelimit-remaining-resource": "Microsoft.Compute/GetOperationStatus3Min;1194,Microsoft.Compute/GetOperationStatus30Min;4194",
        "x-ms-ratelimit-remaining-subscription-reads": "11902",
        "x-ms-request-id": "407d1a6e-0fa9-4c3a-bbc7-0bbfa4ffef58",
        "x-ms-routing-request-id": "SOUTHEASTASIA:20211021T130706Z:f513352a-1df2-4ed1-ad9a-9d5bb223451e",
        "x-ms-served-by": "a0f20ff2-2f4c-42d4-ac60-4e86829c793a_132697554877368970,a0f20ff2-2f4c-42d4-ac60-4e86829c793a_132697554877368970"
      },
      "ResponseBody": [
        "{\r\n",
        "  \u0022startTime\u0022: \u00222021-10-21T13:07:05.5539364\u002B00:00\u0022,\r\n",
        "  \u0022endTime\u0022: \u00222021-10-21T13:07:05.6789644\u002B00:00\u0022,\r\n",
        "  \u0022status\u0022: \u0022Succeeded\u0022,\r\n",
        "  \u0022name\u0022: \u00224ef80c8d-bc91-4574-94f9-676938f61381\u0022\r\n",
        "}"
      ]
    },
    {
      "RequestUri": "https://management.azure.com/subscriptions/db1ab6f0-4769-4b27-930e-01e2ef9c123c/resourceGroups/testRG-3871/providers/Microsoft.Compute/galleries/testGallery_6872?api-version=2020-09-30",
      "RequestMethod": "GET",
      "RequestHeaders": {
        "Authorization": "Sanitized",
        "User-Agent": "azsdk-net-ResourceManager/1.0.0-alpha.20211021.1 (.NET Framework 4.8.4300.0; Microsoft Windows 10.0.19043 )",
        "x-ms-client-request-id": "acfac3e57ac0bfad96bfab006c73a7ef",
        "x-ms-return-client-request-id": "true"
      },
      "RequestBody": null,
      "StatusCode": 200,
      "ResponseHeaders": {
        "Cache-Control": "no-cache",
        "Content-Length": "432",
        "Content-Type": "application/json; charset=utf-8",
        "Date": "Thu, 21 Oct 2021 13:07:07 GMT",
        "Expires": "-1",
        "Pragma": "no-cache",
        "Server": [
          "Microsoft-HTTPAPI/2.0",
          "Microsoft-HTTPAPI/2.0"
        ],
        "Strict-Transport-Security": "max-age=31536000; includeSubDomains",
        "X-Content-Type-Options": "nosniff",
        "x-ms-client-request-id": "acfac3e57ac0bfad96bfab006c73a7ef",
        "x-ms-correlation-request-id": "7fc5581d-3fd6-41f8-985d-358051821cdf",
        "x-ms-ratelimit-remaining-resource": "Microsoft.Compute/GetGallery3Min;345,Microsoft.Compute/GetGallery30Min;2495",
        "x-ms-ratelimit-remaining-subscription-reads": "11901",
        "x-ms-request-id": "a61fef33-28fd-4e3a-8590-acfbf61a2b41",
        "x-ms-routing-request-id": "SOUTHEASTASIA:20211021T130707Z:7fc5581d-3fd6-41f8-985d-358051821cdf",
        "x-ms-served-by": "a0f20ff2-2f4c-42d4-ac60-4e86829c793a_132697554877368970,a0f20ff2-2f4c-42d4-ac60-4e86829c793a_132697554877368970"
      },
      "ResponseBody": [
        "{\r\n",
        "  \u0022name\u0022: \u0022testGallery_6872\u0022,\r\n",
        "  \u0022id\u0022: \u0022/subscriptions/db1ab6f0-4769-4b27-930e-01e2ef9c123c/resourceGroups/testRG-3871/providers/Microsoft.Compute/galleries/testGallery_6872\u0022,\r\n",
        "  \u0022type\u0022: \u0022Microsoft.Compute/galleries\u0022,\r\n",
        "  \u0022location\u0022: \u0022westus2\u0022,\r\n",
        "  \u0022tags\u0022: {},\r\n",
        "  \u0022properties\u0022: {\r\n",
        "    \u0022identifier\u0022: {\r\n",
        "      \u0022uniqueName\u0022: \u0022db1ab6f0-4769-4b27-930e-01e2ef9c123c-TESTGALLERY_6872\u0022\r\n",
        "    },\r\n",
        "    \u0022provisioningState\u0022: \u0022Succeeded\u0022\r\n",
        "  }\r\n",
        "}"
      ]
    }
  ],
  "Variables": {
    "RandomSeed": "1567552426",
    "RESOURCE_MANAGER_URL": "https://management.azure.com",
    "SUBSCRIPTION_ID": "db1ab6f0-4769-4b27-930e-01e2ef9c123c"
  }
}