{
  "Entries": [
    {
      "RequestUri": "https://management.azure.com/subscriptions/db1ab6f0-4769-4b27-930e-01e2ef9c123c?api-version=2019-11-01",
      "RequestMethod": "GET",
      "RequestHeaders": {
        "Accept": "application/json",
        "Authorization": "Sanitized",
        "User-Agent": [
          "azsdk-net-ResourceManager/1.0.0-alpha.20210809.1",
          "(.NET Core 3.1.11; Microsoft Windows 10.0.19043)"
        ],
        "x-ms-client-request-id": "13800f3eabf8ec2b34f619b0d44c3546",
        "x-ms-return-client-request-id": "true"
      },
      "RequestBody": null,
      "StatusCode": 200,
      "ResponseHeaders": {
        "Cache-Control": "no-cache",
        "Content-Length": "468",
        "Content-Type": "application/json; charset=utf-8",
        "Date": "Mon, 09 Aug 2021 14:42:45 GMT",
        "Expires": "-1",
        "Pragma": "no-cache",
        "Strict-Transport-Security": "max-age=31536000; includeSubDomains",
        "X-Content-Type-Options": "nosniff",
        "x-ms-correlation-request-id": "a592cce2-eadb-49e0-aa4a-33bf3e68d5b1",
        "x-ms-ratelimit-remaining-subscription-reads": "11970",
        "x-ms-request-id": "a592cce2-eadb-49e0-aa4a-33bf3e68d5b1",
        "x-ms-routing-request-id": "SOUTHEASTASIA:20210809T144246Z:a592cce2-eadb-49e0-aa4a-33bf3e68d5b1"
      },
      "ResponseBody": {
        "id": "/subscriptions/db1ab6f0-4769-4b27-930e-01e2ef9c123c",
        "authorizationSource": "RoleBased",
        "managedByTenants": [],
        "tags": {
          "tagKey1": "tagValue1",
          "tagKey2": "tagValue2"
        },
        "subscriptionId": "db1ab6f0-4769-4b27-930e-01e2ef9c123c",
        "tenantId": "72f988bf-86f1-41af-91ab-2d7cd011db47",
        "displayName": ".NET Mgmt SDK Test with TTL = 1 Day",
        "state": "Enabled",
        "subscriptionPolicies": {
          "locationPlacementId": "Internal_2014-09-01",
          "quotaId": "Internal_2014-09-01",
          "spendingLimit": "Off"
        }
      }
    },
    {
      "RequestUri": "https://management.azure.com/subscriptions/db1ab6f0-4769-4b27-930e-01e2ef9c123c/resourcegroups/test-WorkspaceConnectionContainer6208?api-version=2019-10-01",
      "RequestMethod": "GET",
      "RequestHeaders": {
        "Accept": "application/json",
        "Authorization": "Sanitized",
        "traceparent": "00-7be4d068c088b043b5d43efdb249c453-4215498c7661964f-00",
        "User-Agent": [
          "azsdk-net-ResourceManager/1.0.0-alpha.20210809.1",
          "(.NET Core 3.1.11; Microsoft Windows 10.0.19043)"
        ],
        "x-ms-client-request-id": "7134ce030a17f95e6be0522d8bf20ac1",
        "x-ms-return-client-request-id": "true"
      },
      "RequestBody": null,
      "StatusCode": 200,
      "ResponseHeaders": {
        "Cache-Control": "no-cache",
        "Content-Length": "282",
        "Content-Type": "application/json; charset=utf-8",
        "Date": "Mon, 09 Aug 2021 14:42:45 GMT",
        "Expires": "-1",
        "Pragma": "no-cache",
        "Strict-Transport-Security": "max-age=31536000; includeSubDomains",
        "X-Content-Type-Options": "nosniff",
        "x-ms-correlation-request-id": "4a844d06-99ac-4b10-9bbc-0c44586e848a",
        "x-ms-ratelimit-remaining-subscription-reads": "11969",
        "x-ms-request-id": "4a844d06-99ac-4b10-9bbc-0c44586e848a",
        "x-ms-routing-request-id": "SOUTHEASTASIA:20210809T144246Z:4a844d06-99ac-4b10-9bbc-0c44586e848a"
      },
      "ResponseBody": {
        "id": "/subscriptions/db1ab6f0-4769-4b27-930e-01e2ef9c123c/resourceGroups/test-WorkspaceConnectionContainer6208",
        "name": "test-WorkspaceConnectionContainer6208",
        "type": "Microsoft.Resources/resourceGroups",
        "location": "westus2",
        "tags": {},
        "properties": {
          "provisioningState": "Succeeded"
        }
      }
    },
    {
      "RequestUri": "https://management.azure.com/subscriptions/db1ab6f0-4769-4b27-930e-01e2ef9c123c/resourceGroups/test-WorkspaceConnectionContainer6208/providers/Microsoft.MachineLearningServices/workspaces/test-workspace7194?api-version=2021-03-01-preview",
      "RequestMethod": "GET",
      "RequestHeaders": {
        "Accept": "application/json",
        "Authorization": "Sanitized",
        "User-Agent": [
          "azsdk-net-ResourceManager/1.0.0-alpha.20210809.1",
          "(.NET Core 3.1.11; Microsoft Windows 10.0.19043)"
        ],
        "x-ms-client-request-id": "09f089b1186bcac0a60ac7369955fa57",
        "x-ms-return-client-request-id": "true"
      },
      "RequestBody": null,
      "StatusCode": 200,
      "ResponseHeaders": {
        "Cache-Control": "no-cache",
        "Content-Length": "2659",
        "Content-Type": "application/json; charset=utf-8",
        "Date": "Mon, 09 Aug 2021 14:42:45 GMT",
        "Expires": "-1",
        "Pragma": "no-cache",
        "Request-Context": "appId=cid-v1:2d2e8e63-272e-4b3c-8598-4ee570a0e70d",
        "Strict-Transport-Security": "max-age=31536000; includeSubDomains",
        "Vary": "Accept-Encoding",
        "X-Content-Type-Options": "nosniff",
        "x-ms-client-request-id": "09f089b1186bcac0a60ac7369955fa57",
        "x-ms-client-session-id": "",
        "x-ms-correlation-request-id": "9097f3d8-c2fe-43ea-a829-be8dfca0ded1",
        "x-ms-ratelimit-remaining-subscription-reads": "11968",
        "x-ms-request-id": "9097f3d8-c2fe-43ea-a829-be8dfca0ded1",
        "x-ms-response-type": "standard",
        "x-ms-routing-request-id": "SOUTHEASTASIA:20210809T144246Z:9097f3d8-c2fe-43ea-a829-be8dfca0ded1",
        "x-request-time": "0.019"
      },
      "ResponseBody": [
        "{\n",
        "  \u0022id\u0022: \u0022/subscriptions/db1ab6f0-4769-4b27-930e-01e2ef9c123c/resourceGroups/test-WorkspaceConnectionContainer6208/providers/Microsoft.MachineLearningServices/workspaces/test-workspace7194\u0022,\n",
        "  \u0022name\u0022: \u0022test-workspace7194\u0022,\n",
        "  \u0022type\u0022: \u0022Microsoft.MachineLearningServices/workspaces\u0022,\n",
        "  \u0022location\u0022: \u0022westus2\u0022,\n",
        "  \u0022tags\u0022: {},\n",
        "  \u0022etag\u0022: null,\n",
        "  \u0022properties\u0022: {\n",
        "    \u0022friendlyName\u0022: \u0022\u0022,\n",
        "    \u0022description\u0022: \u0022\u0022,\n",
        "    \u0022storageAccount\u0022: \u0022/subscriptions/db1ab6f0-4769-4b27-930e-01e2ef9c123c/resourcegroups/test-ml-common/providers/microsoft.storage/storageaccounts/track2mlstorage\u0022,\n",
        "    \u0022keyVault\u0022: \u0022/subscriptions/db1ab6f0-4769-4b27-930e-01e2ef9c123c/resourcegroups/test-ml-common/providers/microsoft.keyvault/vaults/track2mltestkeyvault\u0022,\n",
        "    \u0022applicationInsights\u0022: \u0022/subscriptions/db1ab6f0-4769-4b27-930e-01e2ef9c123c/resourcegroups/test-ml-common/providers/microsoft.insights/components/track2mlappinsight\u0022,\n",
        "    \u0022hbiWorkspace\u0022: false,\n",
        "    \u0022tenantId\u0022: \u002272f988bf-86f1-41af-91ab-2d7cd011db47\u0022,\n",
        "    \u0022imageBuildCompute\u0022: \u0022\u0022,\n",
        "    \u0022provisioningState\u0022: \u0022Succeeded\u0022,\n",
        "    \u0022containerRegistry\u0022: \u0022/subscriptions/db1ab6f0-4769-4b27-930e-01e2ef9c123c/resourcegroups/test-ml-common/providers/microsoft.containerregistry/registries/track2mlacr\u0022,\n",
        "    \u0022notebookInfo\u0022: {\n",
        "      \u0022resourceId\u0022: \u002239f29ae7e89b4ca59687626f3fca3e8f\u0022,\n",
        "      \u0022fqdn\u0022: \u0022ml-test-workspace7-westus2-5eb60eff-5cc1-4098-a1d0-7f2837e009c6.notebooks.azure.net\u0022,\n",
        "      \u0022isPrivateLinkEnabled\u0022: false,\n",
        "      \u0022notebookPreparationError\u0022: null\n",
        "    },\n",
        "    \u0022storageHnsEnabled\u0022: false,\n",
        "    \u0022workspaceId\u0022: \u00225eb60eff-5cc1-4098-a1d0-7f2837e009c6\u0022,\n",
        "    \u0022linkedModelInventoryArmId\u0022: null,\n",
        "    \u0022privateLinkCount\u0022: 0,\n",
        "    \u0022allowPublicAccessWhenBehindVnet\u0022: false,\n",
        "    \u0022publicNetworkAccess\u0022: \u0022Disabled\u0022,\n",
        "    \u0022discoveryUrl\u0022: \u0022https://westus2.api.azureml.ms/discovery\u0022,\n",
        "    \u0022mlFlowTrackingUri\u0022: \u0022azureml://westus2.api.azureml.ms/mlflow/v1.0/subscriptions/db1ab6f0-4769-4b27-930e-01e2ef9c123c/resourceGroups/test-WorkspaceConnectionContainer6208/providers/Microsoft.MachineLearningServices/workspaces/test-workspace7194\u0022,\n",
        "    \u0022sdkTelemetryAppInsightsKey\u0022: \u002219f24253-9564-406c-9a1e-a48a21b145aa\u0022\n",
        "  },\n",
        "  \u0022identity\u0022: {\n",
        "    \u0022type\u0022: \u0022SystemAssigned\u0022,\n",
        "    \u0022principalId\u0022: \u0022353ab44b-4905-4b34-b213-f75bae8bcdda\u0022,\n",
        "    \u0022tenantId\u0022: \u002272f988bf-86f1-41af-91ab-2d7cd011db47\u0022\n",
        "  },\n",
        "  \u0022sku\u0022: {\n",
        "    \u0022name\u0022: \u0022Basic\u0022,\n",
        "    \u0022tier\u0022: \u0022Basic\u0022\n",
        "  },\n",
        "  \u0022systemData\u0022: {\n",
        "    \u0022createdAt\u0022: \u00222021-08-09T14:42:28.9974586Z\u0022,\n",
        "    \u0022createdBy\u0022: \u00228e6d47e0-7969-4fde-a62c-4fea4f165e98\u0022,\n",
        "    \u0022createdByType\u0022: \u0022Application\u0022,\n",
        "    \u0022lastModifiedAt\u0022: \u00222021-08-09T14:42:28.9974586Z\u0022,\n",
        "    \u0022lastModifiedBy\u0022: \u00228e6d47e0-7969-4fde-a62c-4fea4f165e98\u0022,\n",
        "    \u0022lastModifiedByType\u0022: \u0022Application\u0022\n",
        "  }\n",
        "}"
      ]
    },
    {
      "RequestUri": "https://management.azure.com/subscriptions/db1ab6f0-4769-4b27-930e-01e2ef9c123c/resourceGroups/test-WorkspaceConnectionContainer6208/providers/Microsoft.MachineLearningServices/workspaces/test-workspace7194/connections/test-resource6208?api-version=2021-03-01-preview",
      "RequestMethod": "PUT",
      "RequestHeaders": {
        "Accept": "application/json",
        "Authorization": "Sanitized",
        "Content-Length": "96",
        "Content-Type": "application/json",
        "User-Agent": [
          "azsdk-net-ResourceManager/1.0.0-alpha.20210809.1",
          "(.NET Core 3.1.11; Microsoft Windows 10.0.19043)"
        ],
        "x-ms-client-request-id": "ca9766adc9a63308b087a81759fd6042",
        "x-ms-return-client-request-id": "true"
      },
      "RequestBody": {
        "properties": {
          "category": "ACR",
          "target": "www.facebook.com",
          "authType": "PAT",
          "value": "secrets"
        }
      },
      "StatusCode": 200,
      "ResponseHeaders": {
        "Cache-Control": "no-cache",
        "Content-Length": "476",
        "Content-Type": "application/json; charset=utf-8",
        "Date": "Mon, 09 Aug 2021 14:42:47 GMT",
        "Expires": "-1",
        "Pragma": "no-cache",
        "Request-Context": "appId=cid-v1:2d2e8e63-272e-4b3c-8598-4ee570a0e70d",
        "Strict-Transport-Security": "max-age=31536000; includeSubDomains",
        "Vary": "Accept-Encoding",
        "X-Content-Type-Options": "nosniff",
        "x-ms-client-request-id": "ca9766adc9a63308b087a81759fd6042",
        "x-ms-client-session-id": "",
        "x-ms-correlation-request-id": "14d07ba0-8319-4585-bc18-948bd906a2ac",
        "x-ms-ratelimit-remaining-subscription-writes": "1193",
        "x-ms-request-id": "14d07ba0-8319-4585-bc18-948bd906a2ac",
        "x-ms-response-type": "standard",
        "x-ms-routing-request-id": "SOUTHEASTASIA:20210809T144248Z:14d07ba0-8319-4585-bc18-948bd906a2ac",
        "x-request-time": "0.833"
      },
      "ResponseBody": [
        "{\n",
        "  \u0022id\u0022: \u0022/subscriptions/db1ab6f0-4769-4b27-930e-01e2ef9c123c/resourceGroups/test-WorkspaceConnectionContainer6208/providers/Microsoft.MachineLearningServices/workspaces/test-workspace7194/connections/test-resource6208\u0022,\n",
        "  \u0022name\u0022: \u0022test-resource6208\u0022,\n",
        "  \u0022type\u0022: \u0022Microsoft.MachineLearningServices/workspaces/connections\u0022,\n",
        "  \u0022properties\u0022: {\n",
        "    \u0022category\u0022: \u0022ACR\u0022,\n",
        "    \u0022target\u0022: \u0022www.facebook.com\u0022,\n",
        "    \u0022authType\u0022: \u0022PAT\u0022,\n",
        "    \u0022value\u0022: \u0022secrets\u0022,\n",
        "    \u0022valueFormat\u0022: \u0022JSON\u0022\n",
        "  }\n",
        "}"
      ]
    },
    {
      "RequestUri": "https://management.azure.com/subscriptions/db1ab6f0-4769-4b27-930e-01e2ef9c123c/resourceGroups/test-WorkspaceConnectionContainer6208/providers/Microsoft.MachineLearningServices/workspaces/test-workspace7194/connections/test-resource6208?api-version=2021-03-01-preview",
      "RequestMethod": "PUT",
      "RequestHeaders": {
        "Accept": "application/json",
        "Authorization": "Sanitized",
        "Content-Length": "94",
        "Content-Type": "application/json",
        "User-Agent": [
          "azsdk-net-ResourceManager/1.0.0-alpha.20210809.1",
          "(.NET Core 3.1.11; Microsoft Windows 10.0.19043)"
        ],
        "x-ms-client-request-id": "4bff57ec2c5bebdb0e6aca0d43286016",
        "x-ms-return-client-request-id": "true"
      },
      "RequestBody": {
        "properties": {
          "category": "ACR",
          "target": "www.google.com",
          "authType": "PAT",
          "value": "secrets"
        }
      },
      "StatusCode": 200,
      "ResponseHeaders": {
        "Cache-Control": "no-cache",
        "Content-Length": "474",
        "Content-Type": "application/json; charset=utf-8",
        "Date": "Mon, 09 Aug 2021 14:42:48 GMT",
        "Expires": "-1",
        "Pragma": "no-cache",
        "Request-Context": "appId=cid-v1:2d2e8e63-272e-4b3c-8598-4ee570a0e70d",
        "Strict-Transport-Security": "max-age=31536000; includeSubDomains",
        "Vary": "Accept-Encoding",
        "X-Content-Type-Options": "nosniff",
        "x-ms-client-request-id": "4bff57ec2c5bebdb0e6aca0d43286016",
        "x-ms-client-session-id": "",
        "x-ms-correlation-request-id": "a7ef7ce1-4ad5-4100-9e35-3157d0e61bb6",
        "x-ms-ratelimit-remaining-subscription-writes": "1192",
        "x-ms-request-id": "a7ef7ce1-4ad5-4100-9e35-3157d0e61bb6",
        "x-ms-response-type": "standard",
        "x-ms-routing-request-id": "SOUTHEASTASIA:20210809T144249Z:a7ef7ce1-4ad5-4100-9e35-3157d0e61bb6",
        "x-request-time": "0.738"
      },
      "ResponseBody": [
        "{\n",
        "  \u0022id\u0022: \u0022/subscriptions/db1ab6f0-4769-4b27-930e-01e2ef9c123c/resourceGroups/test-WorkspaceConnectionContainer6208/providers/Microsoft.MachineLearningServices/workspaces/test-workspace7194/connections/test-resource6208\u0022,\n",
        "  \u0022name\u0022: \u0022test-resource6208\u0022,\n",
        "  \u0022type\u0022: \u0022Microsoft.MachineLearningServices/workspaces/connections\u0022,\n",
        "  \u0022properties\u0022: {\n",
        "    \u0022category\u0022: \u0022ACR\u0022,\n",
        "    \u0022target\u0022: \u0022www.google.com\u0022,\n",
        "    \u0022authType\u0022: \u0022PAT\u0022,\n",
        "    \u0022value\u0022: \u0022secrets\u0022,\n",
        "    \u0022valueFormat\u0022: \u0022JSON\u0022\n",
        "  }\n",
        "}"
      ]
    }
  ],
  "Variables": {
    "RandomSeed": "1888480917",
    "RESOURCE_MANAGER_URL": null,
    "SUBSCRIPTION_ID": "db1ab6f0-4769-4b27-930e-01e2ef9c123c"
  }
}