{
  "Entries": [
    {
      "RequestUri": "https://management.azure.com/subscriptions/db1ab6f0-4769-4b27-930e-01e2ef9c123c?api-version=2019-11-01",
      "RequestMethod": "GET",
      "RequestHeaders": {
        "Accept": "application/json",
        "Authorization": "Sanitized",
        "traceparent": "00-ba7d0b43edec81429d6b38d1ba8f6742-211b84afffaa9448-00",
        "User-Agent": "azsdk-net-ResourceManager/1.0.0-alpha.20211021.1 (.NET Framework 4.8.4300.0; Microsoft Windows 10.0.19043 )",
        "x-ms-client-request-id": "6d4bc0b27699024619ee6ff55dc41fb2",
        "x-ms-return-client-request-id": "true"
      },
      "RequestBody": null,
      "StatusCode": 200,
      "ResponseHeaders": {
        "Cache-Control": "no-cache",
        "Content-Length": "468",
        "Content-Type": "application/json; charset=utf-8",
        "Date": "Thu, 21 Oct 2021 13:00:14 GMT",
        "Expires": "-1",
        "Pragma": "no-cache",
        "Strict-Transport-Security": "max-age=31536000; includeSubDomains",
        "X-Content-Type-Options": "nosniff",
        "x-ms-correlation-request-id": "e3ab3edd-4099-404f-bef7-47c862f2780b",
        "x-ms-ratelimit-remaining-subscription-reads": "11871",
        "x-ms-request-id": "e3ab3edd-4099-404f-bef7-47c862f2780b",
        "x-ms-routing-request-id": "SOUTHEASTASIA:20211021T130014Z:e3ab3edd-4099-404f-bef7-47c862f2780b"
      },
      "ResponseBody": {
        "id": "/subscriptions/db1ab6f0-4769-4b27-930e-01e2ef9c123c",
        "authorizationSource": "RoleBased",
        "managedByTenants": [],
        "tags": {
          "tagKey1": "tagValue1",
          "tagKey2": "tagValue2"
        },
        "subscriptionId": "db1ab6f0-4769-4b27-930e-01e2ef9c123c",
        "tenantId": "72f988bf-86f1-41af-91ab-2d7cd011db47",
        "displayName": ".NET Mgmt SDK Test with TTL = 1 Day",
        "state": "Enabled",
        "subscriptionPolicies": {
          "locationPlacementId": "Internal_2014-09-01",
          "quotaId": "Internal_2014-09-01",
          "spendingLimit": "Off"
        }
      }
    },
    {
      "RequestUri": "https://management.azure.com/subscriptions/db1ab6f0-4769-4b27-930e-01e2ef9c123c/resourcegroups/testRG-9931?api-version=2019-10-01",
      "RequestMethod": "PUT",
      "RequestHeaders": {
        "Accept": "application/json",
        "Authorization": "Sanitized",
        "Content-Length": "44",
        "Content-Type": "application/json",
        "User-Agent": "azsdk-net-ResourceManager/1.0.0-alpha.20211021.1 (.NET Framework 4.8.4300.0; Microsoft Windows 10.0.19043 )",
        "x-ms-client-request-id": "8676251aae507520c9491e977c9704f6",
        "x-ms-return-client-request-id": "true"
      },
      "RequestBody": {
        "location": "westus2",
        "tags": {
          "test": "env"
        }
      },
      "StatusCode": 201,
      "ResponseHeaders": {
        "Cache-Control": "no-cache",
        "Content-Length": "242",
        "Content-Type": "application/json; charset=utf-8",
        "Date": "Thu, 21 Oct 2021 13:00:15 GMT",
        "Expires": "-1",
        "Pragma": "no-cache",
        "Strict-Transport-Security": "max-age=31536000; includeSubDomains",
        "X-Content-Type-Options": "nosniff",
        "x-ms-correlation-request-id": "68209256-6d94-4ffb-949a-540543d9c5d1",
        "x-ms-ratelimit-remaining-subscription-writes": "1121",
        "x-ms-request-id": "68209256-6d94-4ffb-949a-540543d9c5d1",
        "x-ms-routing-request-id": "SOUTHEASTASIA:20211021T130016Z:68209256-6d94-4ffb-949a-540543d9c5d1"
      },
      "ResponseBody": {
        "id": "/subscriptions/db1ab6f0-4769-4b27-930e-01e2ef9c123c/resourceGroups/testRG-9931",
        "name": "testRG-9931",
        "type": "Microsoft.Resources/resourceGroups",
        "location": "westus2",
        "tags": {
          "test": "env"
        },
        "properties": {
          "provisioningState": "Succeeded"
        }
      }
    },
    {
      "RequestUri": "https://management.azure.com/subscriptions/db1ab6f0-4769-4b27-930e-01e2ef9c123c/resourceGroups/testRG-9931/providers/Microsoft.Compute/hostGroups/testDHG-9012?api-version=2021-03-01",
      "RequestMethod": "PUT",
      "RequestHeaders": {
        "Accept": "application/json",
        "Authorization": "Sanitized",
        "Content-Length": "76",
        "Content-Type": "application/json",
        "User-Agent": "azsdk-net-ResourceManager.Compute/1.0.0-alpha.20211021.1 (.NET Framework 4.8.4300.0; Microsoft Windows 10.0.19043 )",
        "x-ms-client-request-id": "ee96819a53fdb1cdfd7aa172ab766229",
        "x-ms-return-client-request-id": "true"
      },
      "RequestBody": {
        "tags": {},
        "location": "westus2",
        "properties": {
          "platformFaultDomainCount": 2
        }
      },
      "StatusCode": 201,
      "ResponseHeaders": {
        "Cache-Control": "no-cache",
        "Content-Length": "358",
        "Content-Type": "application/json; charset=utf-8",
        "Date": "Thu, 21 Oct 2021 13:00:20 GMT",
        "Expires": "-1",
        "Pragma": "no-cache",
        "Server": [
          "Microsoft-HTTPAPI/2.0",
          "Microsoft-HTTPAPI/2.0"
        ],
        "Strict-Transport-Security": "max-age=31536000; includeSubDomains",
        "X-Content-Type-Options": "nosniff",
        "x-ms-client-request-id": "ee96819a53fdb1cdfd7aa172ab766229",
        "x-ms-correlation-request-id": "24925496-9e1c-47cc-9f37-eacf4ab24581",
        "x-ms-ratelimit-remaining-resource": "Microsoft.Compute/PutDeleteDedicatedHost3Min;62,Microsoft.Compute/PutDeleteDedicatedHost30Min;540",
        "x-ms-ratelimit-remaining-subscription-writes": "1120",
        "x-ms-request-id": "f1706acd-22eb-4670-b819-7d48be652c28",
        "x-ms-routing-request-id": "SOUTHEASTASIA:20211021T130021Z:24925496-9e1c-47cc-9f37-eacf4ab24581"
      },
      "ResponseBody": [
        "{\r\n",
        "  \u0022name\u0022: \u0022testDHG-9012\u0022,\r\n",
        "  \u0022id\u0022: \u0022/subscriptions/db1ab6f0-4769-4b27-930e-01e2ef9c123c/resourceGroups/TESTRG-9931/providers/Microsoft.Compute/hostGroups/testDHG-9012\u0022,\r\n",
        "  \u0022type\u0022: \u0022Microsoft.Compute/hostGroups\u0022,\r\n",
        "  \u0022location\u0022: \u0022westus2\u0022,\r\n",
        "  \u0022tags\u0022: {},\r\n",
        "  \u0022properties\u0022: {\r\n",
        "    \u0022platformFaultDomainCount\u0022: 2,\r\n",
        "    \u0022supportAutomaticPlacement\u0022: false\r\n",
        "  }\r\n",
        "}"
      ]
    },
    {
      "RequestUri": "https://management.azure.com/subscriptions/db1ab6f0-4769-4b27-930e-01e2ef9c123c/resourceGroups/TESTRG-9931/providers/Microsoft.Compute/hostGroups/testDHG-9012?api-version=2021-03-01",
      "RequestMethod": "DELETE",
      "RequestHeaders": {
        "Authorization": "Sanitized",
        "User-Agent": "azsdk-net-ResourceManager.Compute/1.0.0-alpha.20211021.1 (.NET Framework 4.8.4300.0; Microsoft Windows 10.0.19043 )",
        "x-ms-client-request-id": "be1f1e70968103309fd6a35058ae8682",
        "x-ms-return-client-request-id": "true"
      },
      "RequestBody": null,
      "StatusCode": 200,
      "ResponseHeaders": {
        "Cache-Control": "no-cache",
        "Connection": "close",
        "Content-Length": "0",
        "Date": "Thu, 21 Oct 2021 13:00:22 GMT",
        "Expires": "-1",
        "Pragma": "no-cache",
        "Server": [
          "Microsoft-HTTPAPI/2.0",
          "Microsoft-HTTPAPI/2.0"
        ],
        "Strict-Transport-Security": "max-age=31536000; includeSubDomains",
        "X-Content-Type-Options": "nosniff",
        "x-ms-client-request-id": "be1f1e70968103309fd6a35058ae8682",
        "x-ms-correlation-request-id": "3d931227-bf47-40ba-8ddf-638e7aa2a08e",
        "x-ms-ratelimit-remaining-resource": "Microsoft.Compute/PutDeleteDedicatedHost3Min;61,Microsoft.Compute/PutDeleteDedicatedHost30Min;539",
        "x-ms-ratelimit-remaining-subscription-deletes": "14965",
        "x-ms-request-id": "63df4e46-6d64-4b46-8e13-3360adb878be",
        "x-ms-routing-request-id": "SOUTHEASTASIA:20211021T130023Z:3d931227-bf47-40ba-8ddf-638e7aa2a08e"
      },
      "ResponseBody": []
    }
  ],
  "Variables": {
    "RandomSeed": "1730459152",
    "RESOURCE_MANAGER_URL": "https://management.azure.com",
    "SUBSCRIPTION_ID": "db1ab6f0-4769-4b27-930e-01e2ef9c123c"
  }
}