{
  "Entries": [
    {
      "RequestUri": "https://acstestbot3.communication.azure.com/calling/calls?api-version=2021-04-15-preview1",
      "RequestMethod": "POST",
      "RequestHeaders": {
        "Accept": "application/json",
        "Authorization": "Sanitized",
        "Content-Length": "410",
        "Content-Type": "application/json",
        "Date": "Thu, 13 May 2021 06:01:33 GMT",
        "traceparent": "00-aa992dd951145e45a5912b029f0d2096-be7acfd007f04348-00",
        "User-Agent": [
          "azsdk-net-Communication.Calling.Server/1.0.0-alpha.20210512.1",
          "(.NET Core 4.6.30015.01; Microsoft Windows 10.0.19042 )"
        ],
        "x-ms-client-request-id": "c901f2c1893a2ba154a0abe21d9923da",
        "x-ms-content-sha256": "Sanitized",
        "x-ms-return-client-request-id": "true"
      },
      "RequestBody": {
        "sourceAlternateIdentity": {
          "value": "\u002B15129104698"
        },
        "targets": [
          {
            "phoneNumber": {
              "value": "\u002B15129104698"
            }
          }
        ],
        "source": {
          "communicationUser": {
            "id": "8:acs:02665c56-277e-4c59-bab4-c475caa3ee80_0000000a-0432-85be-570c-113a0d0089a1"
          }
        },
        "callbackUri": "https://dummy.ngrok.io/api/incident/callback?SecretKey=helloworld",
        "requestedModalities": [
          "audio"
        ],
        "requestedCallEvents": [
          "participantsUpdated",
          "dtmfReceived"
        ]
      },
      "StatusCode": 201,
      "ResponseHeaders": {
        "Client-Request-Id": "0a22a1c6-2219-4f1d-9b01-4b8fcd474119",
        "Content-Length": "52",
        "Content-Type": "application/json; charset=utf-8",
        "Date": "Thu, 13 May 2021 06:01:32 GMT",
        "X-Azure-Ref": "0vMCcYAAAAADF1\u002BXQGACfQamWgrAROsDZV1NURURHRTA4MjIAOWZjN2I1MTktYThjYy00Zjg5LTkzNWUtYzkxNDhhZTA5ZTgx",
        "X-Cache": "CONFIG_NOCACHE",
        "X-Microsoft-Skype-Chain-ID": "aee3bf01-1df8-4412-a8c6-935e4c26543d"
      },
      "ResponseBody": {
        "callLegId": "421f0b00-411f-4fa4-ba35-3c550eafeb00"
      }
    },
    {
      "RequestUri": "https://acstestbot3.communication.azure.com/calling/calls/421f0b00-411f-4fa4-ba35-3c550eafeb00/Hangup?api-version=2021-04-15-preview1",
      "RequestMethod": "POST",
      "RequestHeaders": {
        "Accept": "application/json",
        "Authorization": "Sanitized",
        "Date": "Thu, 13 May 2021 06:01:33 GMT",
        "traceparent": "00-57fa08d357241449866b27a23c8c3731-71a4ce0e641b0042-00",
        "User-Agent": [
          "azsdk-net-Communication.Calling.Server/1.0.0-alpha.20210512.1",
          "(.NET Core 4.6.30015.01; Microsoft Windows 10.0.19042 )"
        ],
        "x-ms-client-request-id": "2f0181bcbf4773dc3fc0fa67f56a780e",
        "x-ms-content-sha256": "Sanitized",
        "x-ms-return-client-request-id": "true"
      },
      "RequestBody": null,
      "StatusCode": 202,
      "ResponseHeaders": {
        "Client-Request-Id": "37ed8e27-a417-4a7c-9f7d-d1f3c177a76a",
        "Content-Length": "0",
        "Date": "Thu, 13 May 2021 06:01:32 GMT",
        "X-Azure-Ref": "0vcCcYAAAAADfr4kw3BnYRo\u002B4HYz/w3H5V1NURURHRTA4MjIAOWZjN2I1MTktYThjYy00Zjg5LTkzNWUtYzkxNDhhZTA5ZTgx",
        "X-Cache": "CONFIG_NOCACHE",
        "X-Microsoft-Skype-Chain-ID": "bdd09a22-2341-4b2d-b8f4-f9daa76798e8"
      },
      "ResponseBody": []
    },
    {
      "RequestUri": "https://acstestbot3.communication.azure.com/calling/calls/421f0b00-411f-4fa4-ba35-3c550eafeb00?api-version=2021-04-15-preview1",
      "RequestMethod": "DELETE",
      "RequestHeaders": {
        "Accept": "application/json",
        "Authorization": "Sanitized",
        "Date": "Thu, 13 May 2021 06:01:33 GMT",
        "traceparent": "00-3852bf9ba43e6145828bd84d6c73ee8e-1a42a843a13f9249-00",
        "User-Agent": [
          "azsdk-net-Communication.Calling.Server/1.0.0-alpha.20210512.1",
          "(.NET Core 4.6.30015.01; Microsoft Windows 10.0.19042 )"
        ],
        "x-ms-client-request-id": "a87fe16028512c0549819d8a68a767b5",
        "x-ms-content-sha256": "Sanitized",
        "x-ms-return-client-request-id": "true"
      },
      "RequestBody": null,
      "StatusCode": 202,
      "ResponseHeaders": {
        "Client-Request-Id": "e3f56720-451f-4692-8514-9c0c8b15be30",
        "Content-Length": "0",
        "Date": "Thu, 13 May 2021 06:01:32 GMT",
        "X-Azure-Ref": "0vcCcYAAAAAAnEn7QxVs7SqqEopkRgdikV1NURURHRTA4MjIAOWZjN2I1MTktYThjYy00Zjg5LTkzNWUtYzkxNDhhZTA5ZTgx",
        "X-Cache": "CONFIG_NOCACHE",
        "X-Microsoft-Skype-Chain-ID": "1cb0da10-3e64-42ec-8924-04cf9c7e2afb"
      },
      "ResponseBody": []
    }
  ],
  "Variables": {
    "AZURE_PHONE_NUMBER": "\u002B15129104698",
    "COMMUNICATION_LIVETEST_STATIC_CONNECTION_STRING": "endpoint=https://acstestbot3.communication.azure.com/;accesskey=Kg==",
    "RandomSeed": "869131480"
  }
}