{
  "Entries": [
    {
      "RequestUri": "https://management.azure.com/subscriptions/db1ab6f0-4769-4b27-930e-01e2ef9c123c?api-version=2019-11-01",
      "RequestMethod": "GET",
      "RequestHeaders": {
        "Accept": "application/json",
        "Authorization": "Sanitized",
        "traceparent": "00-a1f21a528ac840479cef7905158cb01f-b60bfa743c51d946-00",
        "User-Agent": "azsdk-net-ResourceManager/1.0.0-alpha.20211021.1 (.NET Framework 4.8.4300.0; Microsoft Windows 10.0.19043 )",
        "x-ms-client-request-id": "831c4f7395b42b4db83b087cd91d6dff",
        "x-ms-return-client-request-id": "true"
      },
      "RequestBody": null,
      "StatusCode": 200,
      "ResponseHeaders": {
        "Cache-Control": "no-cache",
        "Content-Length": "468",
        "Content-Type": "application/json; charset=utf-8",
        "Date": "Thu, 21 Oct 2021 13:11:54 GMT",
        "Expires": "-1",
        "Pragma": "no-cache",
        "Strict-Transport-Security": "max-age=31536000; includeSubDomains",
        "X-Content-Type-Options": "nosniff",
        "x-ms-correlation-request-id": "9d86119d-aab0-4e99-8c43-ea66eee8b86f",
        "x-ms-ratelimit-remaining-subscription-reads": "11894",
        "x-ms-request-id": "9d86119d-aab0-4e99-8c43-ea66eee8b86f",
        "x-ms-routing-request-id": "SOUTHEASTASIA:20211021T131154Z:9d86119d-aab0-4e99-8c43-ea66eee8b86f"
      },
      "ResponseBody": {
        "id": "/subscriptions/db1ab6f0-4769-4b27-930e-01e2ef9c123c",
        "authorizationSource": "RoleBased",
        "managedByTenants": [],
        "tags": {
          "tagKey1": "tagValue1",
          "tagKey2": "tagValue2"
        },
        "subscriptionId": "db1ab6f0-4769-4b27-930e-01e2ef9c123c",
        "tenantId": "72f988bf-86f1-41af-91ab-2d7cd011db47",
        "displayName": ".NET Mgmt SDK Test with TTL = 1 Day",
        "state": "Enabled",
        "subscriptionPolicies": {
          "locationPlacementId": "Internal_2014-09-01",
          "quotaId": "Internal_2014-09-01",
          "spendingLimit": "Off"
        }
      }
    },
    {
      "RequestUri": "https://management.azure.com/subscriptions/db1ab6f0-4769-4b27-930e-01e2ef9c123c/resourcegroups/testRG-7224?api-version=2019-10-01",
      "RequestMethod": "PUT",
      "RequestHeaders": {
        "Accept": "application/json",
        "Authorization": "Sanitized",
        "Content-Length": "44",
        "Content-Type": "application/json",
        "User-Agent": "azsdk-net-ResourceManager/1.0.0-alpha.20211021.1 (.NET Framework 4.8.4300.0; Microsoft Windows 10.0.19043 )",
        "x-ms-client-request-id": "4acb743a50de8c7d13334584736de0b0",
        "x-ms-return-client-request-id": "true"
      },
      "RequestBody": {
        "location": "westus2",
        "tags": {
          "test": "env"
        }
      },
      "StatusCode": 201,
      "ResponseHeaders": {
        "Cache-Control": "no-cache",
        "Content-Length": "242",
        "Content-Type": "application/json; charset=utf-8",
        "Date": "Thu, 21 Oct 2021 13:11:55 GMT",
        "Expires": "-1",
        "Pragma": "no-cache",
        "Strict-Transport-Security": "max-age=31536000; includeSubDomains",
        "X-Content-Type-Options": "nosniff",
        "x-ms-correlation-request-id": "a8501628-3e86-4c0a-9316-495a0c0e5170",
        "x-ms-ratelimit-remaining-subscription-writes": "1177",
        "x-ms-request-id": "a8501628-3e86-4c0a-9316-495a0c0e5170",
        "x-ms-routing-request-id": "SOUTHEASTASIA:20211021T131155Z:a8501628-3e86-4c0a-9316-495a0c0e5170"
      },
      "ResponseBody": {
        "id": "/subscriptions/db1ab6f0-4769-4b27-930e-01e2ef9c123c/resourceGroups/testRG-7224",
        "name": "testRG-7224",
        "type": "Microsoft.Resources/resourceGroups",
        "location": "westus2",
        "tags": {
          "test": "env"
        },
        "properties": {
          "provisioningState": "Succeeded"
        }
      }
    },
    {
      "RequestUri": "https://management.azure.com/subscriptions/db1ab6f0-4769-4b27-930e-01e2ef9c123c/resourceGroups/testRG-7224/providers/Microsoft.Compute/galleries/testGallery_2572?api-version=2020-09-30",
      "RequestMethod": "PUT",
      "RequestHeaders": {
        "Accept": "application/json",
        "Authorization": "Sanitized",
        "Content-Length": "48",
        "Content-Type": "application/json",
        "User-Agent": "azsdk-net-ResourceManager.Compute/1.0.0-alpha.20211021.1 (.NET Framework 4.8.4300.0; Microsoft Windows 10.0.19043 )",
        "x-ms-client-request-id": "d061c26d58002d355299407c222bd88e",
        "x-ms-return-client-request-id": "true"
      },
      "RequestBody": {
        "tags": {},
        "location": "westus2",
        "properties": {}
      },
      "StatusCode": 201,
      "ResponseHeaders": {
        "Azure-AsyncOperation": "https://management.azure.com/subscriptions/db1ab6f0-4769-4b27-930e-01e2ef9c123c/providers/Microsoft.Compute/locations/westus2/capsOperations/323ca65e-7669-448e-82d5-3b80b6ace169?api-version=2020-09-30",
        "Cache-Control": "no-cache",
        "Content-Length": "431",
        "Content-Type": "application/json; charset=utf-8",
        "Date": "Thu, 21 Oct 2021 13:11:58 GMT",
        "Expires": "-1",
        "Pragma": "no-cache",
        "Server": [
          "Microsoft-HTTPAPI/2.0",
          "Microsoft-HTTPAPI/2.0"
        ],
        "Strict-Transport-Security": "max-age=31536000; includeSubDomains",
        "X-Content-Type-Options": "nosniff",
        "x-ms-client-request-id": "d061c26d58002d355299407c222bd88e",
        "x-ms-correlation-request-id": "dbf16a3c-f507-4854-bc59-57f0c6c5d03b",
        "x-ms-ratelimit-remaining-resource": "Microsoft.Compute/CreateUpdateGallery3Min;37,Microsoft.Compute/CreateUpdateGallery30Min;271",
        "x-ms-ratelimit-remaining-subscription-writes": "1176",
        "x-ms-request-id": "323ca65e-7669-448e-82d5-3b80b6ace169",
        "x-ms-routing-request-id": "SOUTHEASTASIA:20211021T131159Z:dbf16a3c-f507-4854-bc59-57f0c6c5d03b",
        "x-ms-served-by": "a0f20ff2-2f4c-42d4-ac60-4e86829c793a_132697554877368970,a0f20ff2-2f4c-42d4-ac60-4e86829c793a_132697554877368970"
      },
      "ResponseBody": [
        "{\r\n",
        "  \u0022name\u0022: \u0022testGallery_2572\u0022,\r\n",
        "  \u0022id\u0022: \u0022/subscriptions/db1ab6f0-4769-4b27-930e-01e2ef9c123c/resourceGroups/testRG-7224/providers/Microsoft.Compute/galleries/testGallery_2572\u0022,\r\n",
        "  \u0022type\u0022: \u0022Microsoft.Compute/galleries\u0022,\r\n",
        "  \u0022location\u0022: \u0022westus2\u0022,\r\n",
        "  \u0022tags\u0022: {},\r\n",
        "  \u0022properties\u0022: {\r\n",
        "    \u0022identifier\u0022: {\r\n",
        "      \u0022uniqueName\u0022: \u0022db1ab6f0-4769-4b27-930e-01e2ef9c123c-TESTGALLERY_2572\u0022\r\n",
        "    },\r\n",
        "    \u0022provisioningState\u0022: \u0022Creating\u0022\r\n",
        "  }\r\n",
        "}"
      ]
    },
    {
      "RequestUri": "https://management.azure.com/subscriptions/db1ab6f0-4769-4b27-930e-01e2ef9c123c/providers/Microsoft.Compute/locations/westus2/capsOperations/323ca65e-7669-448e-82d5-3b80b6ace169?api-version=2020-09-30",
      "RequestMethod": "GET",
      "RequestHeaders": {
        "Authorization": "Sanitized",
        "User-Agent": "azsdk-net-ResourceManager/1.0.0-alpha.20211021.1 (.NET Framework 4.8.4300.0; Microsoft Windows 10.0.19043 )",
        "x-ms-client-request-id": "160f575b9dbce2ff3f9ef8440f006ae7",
        "x-ms-return-client-request-id": "true"
      },
      "RequestBody": null,
      "StatusCode": 200,
      "ResponseHeaders": {
        "Cache-Control": "no-cache",
        "Content-Length": "183",
        "Content-Type": "application/json; charset=utf-8",
        "Date": "Thu, 21 Oct 2021 13:11:58 GMT",
        "Expires": "-1",
        "Pragma": "no-cache",
        "Server": [
          "Microsoft-HTTPAPI/2.0",
          "Microsoft-HTTPAPI/2.0"
        ],
        "Strict-Transport-Security": "max-age=31536000; includeSubDomains",
        "X-Content-Type-Options": "nosniff",
        "x-ms-client-request-id": "160f575b9dbce2ff3f9ef8440f006ae7",
        "x-ms-correlation-request-id": "bd6329d9-6c19-48f2-ba63-739b51d181c5",
        "x-ms-ratelimit-remaining-resource": "Microsoft.Compute/GetOperationStatus3Min;1089,Microsoft.Compute/GetOperationStatus30Min;4033",
        "x-ms-ratelimit-remaining-subscription-reads": "11893",
        "x-ms-request-id": "f970b727-d6a9-4c10-8b70-329a6302600c",
        "x-ms-routing-request-id": "SOUTHEASTASIA:20211021T131159Z:bd6329d9-6c19-48f2-ba63-739b51d181c5",
        "x-ms-served-by": "a0f20ff2-2f4c-42d4-ac60-4e86829c793a_132697554877368970,a0f20ff2-2f4c-42d4-ac60-4e86829c793a_132697554877368970"
      },
      "ResponseBody": [
        "{\r\n",
        "  \u0022startTime\u0022: \u00222021-10-21T13:11:57.850952\u002B00:00\u0022,\r\n",
        "  \u0022endTime\u0022: \u00222021-10-21T13:11:57.9603426\u002B00:00\u0022,\r\n",
        "  \u0022status\u0022: \u0022Succeeded\u0022,\r\n",
        "  \u0022name\u0022: \u0022323ca65e-7669-448e-82d5-3b80b6ace169\u0022\r\n",
        "}"
      ]
    },
    {
      "RequestUri": "https://management.azure.com/subscriptions/db1ab6f0-4769-4b27-930e-01e2ef9c123c/resourceGroups/testRG-7224/providers/Microsoft.Compute/galleries/testGallery_2572?api-version=2020-09-30",
      "RequestMethod": "GET",
      "RequestHeaders": {
        "Authorization": "Sanitized",
        "User-Agent": "azsdk-net-ResourceManager/1.0.0-alpha.20211021.1 (.NET Framework 4.8.4300.0; Microsoft Windows 10.0.19043 )",
        "x-ms-client-request-id": "f6ddb75a00ddd916e53dfd70e7b3dc89",
        "x-ms-return-client-request-id": "true"
      },
      "RequestBody": null,
      "StatusCode": 200,
      "ResponseHeaders": {
        "Cache-Control": "no-cache",
        "Content-Length": "432",
        "Content-Type": "application/json; charset=utf-8",
        "Date": "Thu, 21 Oct 2021 13:11:59 GMT",
        "Expires": "-1",
        "Pragma": "no-cache",
        "Server": [
          "Microsoft-HTTPAPI/2.0",
          "Microsoft-HTTPAPI/2.0"
        ],
        "Strict-Transport-Security": "max-age=31536000; includeSubDomains",
        "X-Content-Type-Options": "nosniff",
        "x-ms-client-request-id": "f6ddb75a00ddd916e53dfd70e7b3dc89",
        "x-ms-correlation-request-id": "b7995fa5-d4ab-4609-a8ca-be97022f12c3",
        "x-ms-ratelimit-remaining-resource": "Microsoft.Compute/GetGallery3Min;260,Microsoft.Compute/GetGallery30Min;2332",
        "x-ms-ratelimit-remaining-subscription-reads": "11892",
        "x-ms-request-id": "22cf651e-5a66-4692-b8e1-537b7c5d60bc",
        "x-ms-routing-request-id": "SOUTHEASTASIA:20211021T131159Z:b7995fa5-d4ab-4609-a8ca-be97022f12c3",
        "x-ms-served-by": "a0f20ff2-2f4c-42d4-ac60-4e86829c793a_132697554877368970,a0f20ff2-2f4c-42d4-ac60-4e86829c793a_132697554877368970"
      },
      "ResponseBody": [
        "{\r\n",
        "  \u0022name\u0022: \u0022testGallery_2572\u0022,\r\n",
        "  \u0022id\u0022: \u0022/subscriptions/db1ab6f0-4769-4b27-930e-01e2ef9c123c/resourceGroups/testRG-7224/providers/Microsoft.Compute/galleries/testGallery_2572\u0022,\r\n",
        "  \u0022type\u0022: \u0022Microsoft.Compute/galleries\u0022,\r\n",
        "  \u0022location\u0022: \u0022westus2\u0022,\r\n",
        "  \u0022tags\u0022: {},\r\n",
        "  \u0022properties\u0022: {\r\n",
        "    \u0022identifier\u0022: {\r\n",
        "      \u0022uniqueName\u0022: \u0022db1ab6f0-4769-4b27-930e-01e2ef9c123c-TESTGALLERY_2572\u0022\r\n",
        "    },\r\n",
        "    \u0022provisioningState\u0022: \u0022Succeeded\u0022\r\n",
        "  }\r\n",
        "}"
      ]
    },
    {
      "RequestUri": "https://management.azure.com/subscriptions/db1ab6f0-4769-4b27-930e-01e2ef9c123c/resourceGroups/testRG-7224/providers/Microsoft.Compute/galleries/testGallery_2572/images/testGallery_3456?api-version=2020-09-30",
      "RequestMethod": "PUT",
      "RequestHeaders": {
        "Accept": "application/json",
        "Authorization": "Sanitized",
        "Content-Length": "143",
        "Content-Type": "application/json",
        "User-Agent": "azsdk-net-ResourceManager.Compute/1.0.0-alpha.20211021.1 (.NET Framework 4.8.4300.0; Microsoft Windows 10.0.19043 )",
        "x-ms-client-request-id": "d1c21cca7d09a0adfb9b9813d1258827",
        "x-ms-return-client-request-id": "true"
      },
      "RequestBody": {
        "tags": {},
        "location": "westus2",
        "properties": {
          "osType": "Linux",
          "identifier": {
            "publisher": "publisher4273",
            "offer": "offer2749",
            "sku": "sku8226"
          }
        }
      },
      "StatusCode": 201,
      "ResponseHeaders": {
        "Azure-AsyncOperation": "https://management.azure.com/subscriptions/db1ab6f0-4769-4b27-930e-01e2ef9c123c/providers/Microsoft.Compute/locations/westus2/capsOperations/23c3d54f-c9b2-469c-9491-bbc8ea69af31?api-version=2020-09-30",
        "Cache-Control": "no-cache",
        "Content-Length": "561",
        "Content-Type": "application/json; charset=utf-8",
        "Date": "Thu, 21 Oct 2021 13:12:02 GMT",
        "Expires": "-1",
        "Pragma": "no-cache",
        "Server": [
          "Microsoft-HTTPAPI/2.0",
          "Microsoft-HTTPAPI/2.0"
        ],
        "Strict-Transport-Security": "max-age=31536000; includeSubDomains",
        "X-Content-Type-Options": "nosniff",
        "x-ms-client-request-id": "d1c21cca7d09a0adfb9b9813d1258827",
        "x-ms-correlation-request-id": "235edb10-1138-437d-9510-7936d4a84897",
        "x-ms-ratelimit-remaining-resource": "Microsoft.Compute/CreateUpdateGalleryImage3Min;135,Microsoft.Compute/CreateUpdateGalleryImage30Min;730",
        "x-ms-ratelimit-remaining-subscription-writes": "1175",
        "x-ms-request-id": "23c3d54f-c9b2-469c-9491-bbc8ea69af31",
        "x-ms-routing-request-id": "SOUTHEASTASIA:20211021T131203Z:235edb10-1138-437d-9510-7936d4a84897",
        "x-ms-served-by": "a0f20ff2-2f4c-42d4-ac60-4e86829c793a_132697554877368970,a0f20ff2-2f4c-42d4-ac60-4e86829c793a_132697554877368970"
      },
      "ResponseBody": [
        "{\r\n",
        "  \u0022name\u0022: \u0022testGallery_3456\u0022,\r\n",
        "  \u0022id\u0022: \u0022/subscriptions/db1ab6f0-4769-4b27-930e-01e2ef9c123c/resourceGroups/testRG-7224/providers/Microsoft.Compute/galleries/testGallery_2572/images/testGallery_3456\u0022,\r\n",
        "  \u0022type\u0022: \u0022Microsoft.Compute/galleries/images\u0022,\r\n",
        "  \u0022location\u0022: \u0022westus2\u0022,\r\n",
        "  \u0022tags\u0022: {},\r\n",
        "  \u0022properties\u0022: {\r\n",
        "    \u0022hyperVGeneration\u0022: \u0022V1\u0022,\r\n",
        "    \u0022osType\u0022: \u0022Linux\u0022,\r\n",
        "    \u0022osState\u0022: \u0022Generalized\u0022,\r\n",
        "    \u0022identifier\u0022: {\r\n",
        "      \u0022publisher\u0022: \u0022publisher4273\u0022,\r\n",
        "      \u0022offer\u0022: \u0022offer2749\u0022,\r\n",
        "      \u0022sku\u0022: \u0022sku8226\u0022\r\n",
        "    },\r\n",
        "    \u0022provisioningState\u0022: \u0022Creating\u0022\r\n",
        "  }\r\n",
        "}"
      ]
    },
    {
      "RequestUri": "https://management.azure.com/subscriptions/db1ab6f0-4769-4b27-930e-01e2ef9c123c/providers/Microsoft.Compute/locations/westus2/capsOperations/23c3d54f-c9b2-469c-9491-bbc8ea69af31?api-version=2020-09-30",
      "RequestMethod": "GET",
      "RequestHeaders": {
        "Authorization": "Sanitized",
        "User-Agent": "azsdk-net-ResourceManager/1.0.0-alpha.20211021.1 (.NET Framework 4.8.4300.0; Microsoft Windows 10.0.19043 )",
        "x-ms-client-request-id": "cb9fdf1ae59878d32f5f1b3d4c2a2c4b",
        "x-ms-return-client-request-id": "true"
      },
      "RequestBody": null,
      "StatusCode": 200,
      "ResponseHeaders": {
        "Cache-Control": "no-cache",
        "Content-Length": "184",
        "Content-Type": "application/json; charset=utf-8",
        "Date": "Thu, 21 Oct 2021 13:12:02 GMT",
        "Expires": "-1",
        "Pragma": "no-cache",
        "Server": [
          "Microsoft-HTTPAPI/2.0",
          "Microsoft-HTTPAPI/2.0"
        ],
        "Strict-Transport-Security": "max-age=31536000; includeSubDomains",
        "X-Content-Type-Options": "nosniff",
        "x-ms-client-request-id": "cb9fdf1ae59878d32f5f1b3d4c2a2c4b",
        "x-ms-correlation-request-id": "746ce41b-ce20-4133-9b58-efe25404fd7c",
        "x-ms-ratelimit-remaining-resource": "Microsoft.Compute/GetOperationStatus3Min;1103,Microsoft.Compute/GetOperationStatus30Min;4031",
        "x-ms-ratelimit-remaining-subscription-reads": "11891",
        "x-ms-request-id": "ded178f8-6f94-400b-ad12-d55779729e61",
        "x-ms-routing-request-id": "SOUTHEASTASIA:20211021T131203Z:746ce41b-ce20-4133-9b58-efe25404fd7c",
        "x-ms-served-by": "a0f20ff2-2f4c-42d4-ac60-4e86829c793a_132697554877368970,a0f20ff2-2f4c-42d4-ac60-4e86829c793a_132697554877368970"
      },
      "ResponseBody": [
        "{\r\n",
        "  \u0022startTime\u0022: \u00222021-10-21T13:12:01.8353862\u002B00:00\u0022,\r\n",
        "  \u0022endTime\u0022: \u00222021-10-21T13:12:01.9604166\u002B00:00\u0022,\r\n",
        "  \u0022status\u0022: \u0022Succeeded\u0022,\r\n",
        "  \u0022name\u0022: \u002223c3d54f-c9b2-469c-9491-bbc8ea69af31\u0022\r\n",
        "}"
      ]
    },
    {
      "RequestUri": "https://management.azure.com/subscriptions/db1ab6f0-4769-4b27-930e-01e2ef9c123c/resourceGroups/testRG-7224/providers/Microsoft.Compute/galleries/testGallery_2572/images/testGallery_3456?api-version=2020-09-30",
      "RequestMethod": "GET",
      "RequestHeaders": {
        "Authorization": "Sanitized",
        "User-Agent": "azsdk-net-ResourceManager/1.0.0-alpha.20211021.1 (.NET Framework 4.8.4300.0; Microsoft Windows 10.0.19043 )",
        "x-ms-client-request-id": "9c448c5f86218ac5e6915369eeb3153a",
        "x-ms-return-client-request-id": "true"
      },
      "RequestBody": null,
      "StatusCode": 200,
      "ResponseHeaders": {
        "Cache-Control": "no-cache",
        "Content-Length": "562",
        "Content-Type": "application/json; charset=utf-8",
        "Date": "Thu, 21 Oct 2021 13:12:03 GMT",
        "Expires": "-1",
        "Pragma": "no-cache",
        "Server": [
          "Microsoft-HTTPAPI/2.0",
          "Microsoft-HTTPAPI/2.0"
        ],
        "Strict-Transport-Security": "max-age=31536000; includeSubDomains",
        "X-Content-Type-Options": "nosniff",
        "x-ms-client-request-id": "9c448c5f86218ac5e6915369eeb3153a",
        "x-ms-correlation-request-id": "84182efa-a020-4532-b693-d6c238e45d74",
        "x-ms-ratelimit-remaining-resource": "Microsoft.Compute/GetGalleryImage3Min;534,Microsoft.Compute/GetGalleryImage30Min;2917",
        "x-ms-ratelimit-remaining-subscription-reads": "11890",
        "x-ms-request-id": "020ad006-3284-4445-9261-036c95ddc1b6",
        "x-ms-routing-request-id": "SOUTHEASTASIA:20211021T131203Z:84182efa-a020-4532-b693-d6c238e45d74",
        "x-ms-served-by": "a0f20ff2-2f4c-42d4-ac60-4e86829c793a_132697554877368970,a0f20ff2-2f4c-42d4-ac60-4e86829c793a_132697554877368970"
      },
      "ResponseBody": [
        "{\r\n",
        "  \u0022name\u0022: \u0022testGallery_3456\u0022,\r\n",
        "  \u0022id\u0022: \u0022/subscriptions/db1ab6f0-4769-4b27-930e-01e2ef9c123c/resourceGroups/testRG-7224/providers/Microsoft.Compute/galleries/testGallery_2572/images/testGallery_3456\u0022,\r\n",
        "  \u0022type\u0022: \u0022Microsoft.Compute/galleries/images\u0022,\r\n",
        "  \u0022location\u0022: \u0022westus2\u0022,\r\n",
        "  \u0022tags\u0022: {},\r\n",
        "  \u0022properties\u0022: {\r\n",
        "    \u0022hyperVGeneration\u0022: \u0022V1\u0022,\r\n",
        "    \u0022osType\u0022: \u0022Linux\u0022,\r\n",
        "    \u0022osState\u0022: \u0022Generalized\u0022,\r\n",
        "    \u0022identifier\u0022: {\r\n",
        "      \u0022publisher\u0022: \u0022publisher4273\u0022,\r\n",
        "      \u0022offer\u0022: \u0022offer2749\u0022,\r\n",
        "      \u0022sku\u0022: \u0022sku8226\u0022\r\n",
        "    },\r\n",
        "    \u0022provisioningState\u0022: \u0022Succeeded\u0022\r\n",
        "  }\r\n",
        "}"
      ]
    },
    {
      "RequestUri": "https://management.azure.com/subscriptions/db1ab6f0-4769-4b27-930e-01e2ef9c123c/resourceGroups/testRG-7224/providers/Microsoft.Compute/galleries/testGallery_2572/images/testGallery_3456/providers/Microsoft.Resources/tags/default?api-version=2019-10-01",
      "RequestMethod": "DELETE",
      "RequestHeaders": {
        "Accept": "application/json",
        "Authorization": "Sanitized",
        "User-Agent": "azsdk-net-ResourceManager/1.0.0-alpha.20211021.1 (.NET Framework 4.8.4300.0; Microsoft Windows 10.0.19043 )",
        "x-ms-client-request-id": "f1f9362cbd85b28f18493ffc25f8e454",
        "x-ms-return-client-request-id": "true"
      },
      "RequestBody": null,
      "StatusCode": 200,
      "ResponseHeaders": {
        "Cache-Control": "no-cache",
        "Content-Length": "0",
        "Date": "Thu, 21 Oct 2021 13:12:05 GMT",
        "Expires": "-1",
        "Pragma": "no-cache",
        "Strict-Transport-Security": "max-age=31536000; includeSubDomains",
        "X-Content-Type-Options": "nosniff",
        "x-ms-correlation-request-id": "5b0f946f-60eb-4ffc-9d51-b23ef2e94009",
        "x-ms-ratelimit-remaining-subscription-deletes": "14961",
        "x-ms-request-id": "5b0f946f-60eb-4ffc-9d51-b23ef2e94009",
        "x-ms-routing-request-id": "SOUTHEASTASIA:20211021T131205Z:5b0f946f-60eb-4ffc-9d51-b23ef2e94009"
      },
      "ResponseBody": []
    },
    {
      "RequestUri": "https://management.azure.com/subscriptions/db1ab6f0-4769-4b27-930e-01e2ef9c123c/resourceGroups/testRG-7224/providers/Microsoft.Compute/galleries/testGallery_2572/images/testGallery_3456/providers/Microsoft.Resources/tags/default?api-version=2019-10-01",
      "RequestMethod": "GET",
      "RequestHeaders": {
        "Accept": "application/json",
        "Authorization": "Sanitized",
        "User-Agent": "azsdk-net-ResourceManager/1.0.0-alpha.20211021.1 (.NET Framework 4.8.4300.0; Microsoft Windows 10.0.19043 )",
        "x-ms-client-request-id": "ff9b4373d27d93401a15e4069269897b",
        "x-ms-return-client-request-id": "true"
      },
      "RequestBody": null,
      "StatusCode": 200,
      "ResponseHeaders": {
        "Cache-Control": "no-cache",
        "Content-Length": "285",
        "Content-Type": "application/json; charset=utf-8",
        "Date": "Thu, 21 Oct 2021 13:12:05 GMT",
        "Expires": "-1",
        "Pragma": "no-cache",
        "Strict-Transport-Security": "max-age=31536000; includeSubDomains",
        "X-Content-Type-Options": "nosniff",
        "x-ms-correlation-request-id": "ce720e0f-5367-4e41-b6b4-7eaf7423e2ea",
        "x-ms-ratelimit-remaining-subscription-reads": "11889",
        "x-ms-request-id": "ce720e0f-5367-4e41-b6b4-7eaf7423e2ea",
        "x-ms-routing-request-id": "SOUTHEASTASIA:20211021T131205Z:ce720e0f-5367-4e41-b6b4-7eaf7423e2ea"
      },
      "ResponseBody": {
        "id": "/subscriptions/db1ab6f0-4769-4b27-930e-01e2ef9c123c/resourceGroups/testRG-7224/providers/Microsoft.Compute/galleries/testGallery_2572/images/testGallery_3456/providers/Microsoft.Resources/tags/default",
        "name": "default",
        "type": "Microsoft.Resources/tags",
        "properties": {
          "tags": {}
        }
      }
    },
    {
      "RequestUri": "https://management.azure.com/subscriptions/db1ab6f0-4769-4b27-930e-01e2ef9c123c/resourceGroups/testRG-7224/providers/Microsoft.Compute/galleries/testGallery_2572/images/testGallery_3456/providers/Microsoft.Resources/tags/default?api-version=2019-10-01",
      "RequestMethod": "PUT",
      "RequestHeaders": {
        "Accept": "application/json",
        "Authorization": "Sanitized",
        "Content-Length": "39",
        "Content-Type": "application/json",
        "User-Agent": "azsdk-net-ResourceManager/1.0.0-alpha.20211021.1 (.NET Framework 4.8.4300.0; Microsoft Windows 10.0.19043 )",
        "x-ms-client-request-id": "1511e0493a30a1c5fc9184d747c864ee",
        "x-ms-return-client-request-id": "true"
      },
      "RequestBody": {
        "properties": {
          "tags": {
            "key": "value"
          }
        }
      },
      "StatusCode": 200,
      "ResponseHeaders": {
        "Cache-Control": "no-cache",
        "Content-Length": "298",
        "Content-Type": "application/json; charset=utf-8",
        "Date": "Thu, 21 Oct 2021 13:12:08 GMT",
        "Expires": "-1",
        "Pragma": "no-cache",
        "Strict-Transport-Security": "max-age=31536000; includeSubDomains",
        "X-Content-Type-Options": "nosniff",
        "x-ms-correlation-request-id": "6e696927-78ee-4cb1-b17a-a65217f4502a",
        "x-ms-ratelimit-remaining-subscription-writes": "1174",
        "x-ms-request-id": "6e696927-78ee-4cb1-b17a-a65217f4502a",
        "x-ms-routing-request-id": "SOUTHEASTASIA:20211021T131208Z:6e696927-78ee-4cb1-b17a-a65217f4502a"
      },
      "ResponseBody": {
        "id": "/subscriptions/db1ab6f0-4769-4b27-930e-01e2ef9c123c/resourceGroups/testRG-7224/providers/Microsoft.Compute/galleries/testGallery_2572/images/testGallery_3456/providers/Microsoft.Resources/tags/default",
        "name": "default",
        "type": "Microsoft.Resources/tags",
        "properties": {
          "tags": {
            "key": "value"
          }
        }
      }
    },
    {
      "RequestUri": "https://management.azure.com/subscriptions/db1ab6f0-4769-4b27-930e-01e2ef9c123c/resourceGroups/testRG-7224/providers/Microsoft.Compute/galleries/testGallery_2572/images/testGallery_3456?api-version=2020-09-30",
      "RequestMethod": "GET",
      "RequestHeaders": {
        "Accept": "application/json",
        "Authorization": "Sanitized",
        "User-Agent": "azsdk-net-ResourceManager.Compute/1.0.0-alpha.20211021.1 (.NET Framework 4.8.4300.0; Microsoft Windows 10.0.19043 )",
        "x-ms-client-request-id": "abf5feac15185abdf565d670d88820ae",
        "x-ms-return-client-request-id": "true"
      },
      "RequestBody": null,
      "StatusCode": 200,
      "ResponseHeaders": {
        "Cache-Control": "no-cache",
        "Content-Length": "586",
        "Content-Type": "application/json; charset=utf-8",
        "Date": "Thu, 21 Oct 2021 13:12:08 GMT",
        "Expires": "-1",
        "Pragma": "no-cache",
        "Server": [
          "Microsoft-HTTPAPI/2.0",
          "Microsoft-HTTPAPI/2.0"
        ],
        "Strict-Transport-Security": "max-age=31536000; includeSubDomains",
        "X-Content-Type-Options": "nosniff",
        "x-ms-client-request-id": "abf5feac15185abdf565d670d88820ae",
        "x-ms-correlation-request-id": "0655161b-5a41-4ac4-aa80-b0482935875e",
        "x-ms-ratelimit-remaining-resource": "Microsoft.Compute/GetGalleryImage3Min;531,Microsoft.Compute/GetGalleryImage30Min;2914",
        "x-ms-ratelimit-remaining-subscription-reads": "11888",
        "x-ms-request-id": "37e82dbf-2caf-43cc-b594-75adeb088b4f",
        "x-ms-routing-request-id": "SOUTHEASTASIA:20211021T131208Z:0655161b-5a41-4ac4-aa80-b0482935875e",
        "x-ms-served-by": "a0f20ff2-2f4c-42d4-ac60-4e86829c793a_132697554877368970,a0f20ff2-2f4c-42d4-ac60-4e86829c793a_132697554877368970"
      },
      "ResponseBody": [
        "{\r\n",
        "  \u0022name\u0022: \u0022testGallery_3456\u0022,\r\n",
        "  \u0022id\u0022: \u0022/subscriptions/db1ab6f0-4769-4b27-930e-01e2ef9c123c/resourceGroups/testRG-7224/providers/Microsoft.Compute/galleries/testGallery_2572/images/testGallery_3456\u0022,\r\n",
        "  \u0022type\u0022: \u0022Microsoft.Compute/galleries/images\u0022,\r\n",
        "  \u0022location\u0022: \u0022westus2\u0022,\r\n",
        "  \u0022tags\u0022: {\r\n",
        "    \u0022key\u0022: \u0022value\u0022\r\n",
        "  },\r\n",
        "  \u0022properties\u0022: {\r\n",
        "    \u0022hyperVGeneration\u0022: \u0022V1\u0022,\r\n",
        "    \u0022osType\u0022: \u0022Linux\u0022,\r\n",
        "    \u0022osState\u0022: \u0022Generalized\u0022,\r\n",
        "    \u0022identifier\u0022: {\r\n",
        "      \u0022publisher\u0022: \u0022publisher4273\u0022,\r\n",
        "      \u0022offer\u0022: \u0022offer2749\u0022,\r\n",
        "      \u0022sku\u0022: \u0022sku8226\u0022\r\n",
        "    },\r\n",
        "    \u0022provisioningState\u0022: \u0022Succeeded\u0022\r\n",
        "  }\r\n",
        "}"
      ]
    }
  ],
  "Variables": {
    "RandomSeed": "1777966912",
    "RESOURCE_MANAGER_URL": "https://management.azure.com",
    "SUBSCRIPTION_ID": "db1ab6f0-4769-4b27-930e-01e2ef9c123c"
  }
}